---
source: src/tui/mod.rs
expression: filter_snapshot
---
┌Sessions & Profiles─────────┐┌Wrapped Profile─────────────┐
│  No Sessions               ││Provider: codex             │
│▶ Wrapped Profile  Run codex││                            │
│                            ││Run codex with helpers      │
│                            ││                            │
│                            ││Tags: team, demo            │
└────────────────────────────┘└────────────────────────────┘
┌──────────────────────────────────────────────────────────┐
│ doctor: missing CODEX_TOKEN                              │
└──────────────────────────────────────────────────────────┘
