---
source: src/tui/mod.rs
expression: profile_snapshot
---
┌Sessions & Profiles─────────┐┌Wrapped Profile─────────────┐
│  No Sessions               ││Provider: codex             │
│▶ Wrapped Profile  Run codex││                            │
│                            ││Run codex with helpers      │
│                            ││                            │
│                            ││Tags: team, demo            │
│                            ││                            │
│                            ││                            │
│                            ││                            │
│                            ││                            │
│                            ││                            │
│                            ││                            │
└────────────────────────────┘└────────────────────────────┘
┌──────────────────────────────────────────────────────────┐
│ ↑/↓ scroll  •  Tab emit  •  Enter run  •  Ctrl-Y print ID│
└──────────────────────────────────────────────────────────┘
